I'm sorry, but errors were detected in your script. Please correct the
errors listed below, and try again.


File "game/script.rpy", line 63: Menu does not contain any choices.
    menu:
         ^

Ren'Py Version: Ren'Py 7.3.5.606
Sat Oct 24 15:42:38 2020
